
Discarded input sections

 .data          0x0000000000000000        0x0 arch/arm/cpu/armv8/start.o
 .bss           0x0000000000000000        0x0 arch/arm/cpu/armv8/start.o
 .text.usec2ticks
                0x0000000000000000       0x44 arch/arm/cpu/armv8/built-in.o
 .text.invalidate_dcache_range
                0x0000000000000000        0x4 arch/arm/cpu/armv8/built-in.o
 .text.arch_get_page_table
                0x0000000000000000       0x20 arch/arm/cpu/armv8/built-in.o
 .text.mmu_set_region_dcache_behaviour
                0x0000000000000000      0x140 arch/arm/cpu/armv8/built-in.o
 .text.hvc_call
                0x0000000000000000       0x44 arch/arm/cpu/armv8/built-in.o
 .text.smc_call
                0x0000000000000000       0x40 arch/arm/cpu/armv8/built-in.o
 .text.psci_system_reset
                0x0000000000000000       0x34 arch/arm/cpu/armv8/built-in.o
 .data          0x0000000000000000        0x0 arch/arm/cpu/armv8/built-in.o
 .bss           0x0000000000000000        0x0 arch/arm/cpu/armv8/built-in.o
 .text.setup_board_tags
                0x0000000000000000        0x4 arch/arm/lib/built-in.o
 .text.enable_caches
                0x0000000000000000        0xc arch/arm/lib/built-in.o
 .text.invalidate_dcache_range
                0x0000000000000000        0x4 arch/arm/lib/built-in.o
 .text.flush_dcache_range
                0x0000000000000000        0x4 arch/arm/lib/built-in.o
 .text.flush_dcache_all
                0x0000000000000000        0xc arch/arm/lib/built-in.o
 .data          0x0000000000000000        0x0 arch/arm/lib/built-in.o
 .__secure_end  0x0000000000000000        0x0 arch/arm/lib/built-in.o
 .__secure_start
                0x0000000000000000        0x0 arch/arm/lib/built-in.o
 .__end         0x0000000000000000        0x0 arch/arm/lib/built-in.o
 .bss           0x0000000000000000        0x0 arch/arm/lib/built-in.o
 .text          0x0000000000000000        0x0 board/armltd/vexpress64/built-in.o
 .data          0x0000000000000000        0x0 board/armltd/vexpress64/built-in.o
 .bss           0x0000000000000000        0x0 board/armltd/vexpress64/built-in.o
 .text          0x0000000000000000        0x0 cmd/built-in.o
 .text.invalidate_icache_all
                0x0000000000000000        0xc cmd/built-in.o
 .text.flush_dcache_all
                0x0000000000000000        0xc cmd/built-in.o
 .data          0x0000000000000000        0x0 cmd/built-in.o
 .bss           0x0000000000000000        0x0 cmd/built-in.o
 .text          0x0000000000000000        0x0 common/built-in.o
 .text.hash_finish_crc32
                0x0000000000000000       0x34 common/built-in.o
 .text.hash_update_crc32
                0x0000000000000000       0x34 common/built-in.o
 .text.hash_init_crc32
                0x0000000000000000       0x2c common/built-in.o
 .text.hash_lookup_algo
                0x0000000000000000       0x3c common/built-in.o
 .text.hash_progressive_lookup_algo
                0x0000000000000000       0x44 common/built-in.o
 .text.hash_parse_string
                0x0000000000000000       0x78 common/built-in.o
 .text.hash_block
                0x0000000000000000       0x74 common/built-in.o
 .text.unset_local_var
                0x0000000000000000       0xb8 common/built-in.o
 .text.coloured_LED_init
                0x0000000000000000        0x4 common/built-in.o
 .text.red_led_on
                0x0000000000000000        0x4 common/built-in.o
 .text.red_led_off
                0x0000000000000000        0x4 common/built-in.o
 .text.green_led_on
                0x0000000000000000        0x4 common/built-in.o
 .text.green_led_off
                0x0000000000000000        0x4 common/built-in.o
 .text.yellow_led_on
                0x0000000000000000        0x4 common/built-in.o
 .text.yellow_led_off
                0x0000000000000000        0x4 common/built-in.o
 .text.blue_led_on
                0x0000000000000000        0x4 common/built-in.o
 .text.blue_led_off
                0x0000000000000000        0x4 common/built-in.o
 .text.dram_init_banksize
                0x0000000000000000       0x30 common/built-in.o
 .text.arch_reserve_stacks
                0x0000000000000000        0x8 common/built-in.o
 .text.fixup_cpu
                0x0000000000000000        0x8 common/built-in.o
 .text.env_flags_parse_varaccess_from_binflags
                0x0000000000000000       0x4c common/built-in.o
 .text.of_bus_default_map
                0x0000000000000000       0xa0 common/built-in.o
 .text.fdt_read_prop
                0x0000000000000000       0x50 common/built-in.o
 .text.of_bus_default_count_cells
                0x0000000000000000       0x74 common/built-in.o
 .text.of_bus_default_translate
                0x0000000000000000       0xb0 common/built-in.o
 .text.fdt_getprop_u32_default_node
                0x0000000000000000       0x54 common/built-in.o
 .text.fdt_getprop_u32_default
                0x0000000000000000       0x54 common/built-in.o
 .text.do_fixup_by_path_u32
[...]
Memory Configuration

Name             Origin             Length             Attributes
*default*        0x0000000000000000 0xffffffffffffffff

Linker script and memory map

Address of section .text set to 0x88000000
                0x0000000000000000                . = 0x0
                0x0000000000000000                . = ALIGN (0x8)

.text           0x0000000088000000    0x2a0bc
 *(.__image_copy_start)
 .__image_copy_start
                0x0000000088000000        0x0 arch/arm/lib/built-in.o
                0x0000000088000000                __image_copy_start
 arch/arm/cpu/armv8/start.o(.text*)
 .text          0x0000000088000000      0x110 arch/arm/cpu/armv8/start.o
                0x0000000088000000                _start
                0x0000000088000008                _TEXT_BASE
                0x0000000088000010                _end_ofs
                0x0000000088000018                _bss_start_ofs
                0x0000000088000020                _bss_end_ofs
                0x0000000088000090                apply_core_errata
                0x00000000880000b4                lowlevel_init
                0x00000000880000c0                smp_kick_all_cpus
                0x00000000880000cc                c_runtime_cpu_setup
 *(.text*)
 *fill*         0x0000000088000110      0x6f0 
 .text          0x0000000088000800     0x13c8 arch/arm/cpu/armv8/built-in.o
                0x0000000088000800                vectors
                0x0000000088001800                __asm_dcache_level
                0x0000000088001864                __asm_dcache_all
                0x00000000880018c4                __asm_flush_dcache_all
                0x00000000880018cc                __asm_invalidate_dcache_all
                0x00000000880018d4                __asm_flush_dcache_range
                0x0000000088001908                __asm_invalidate_icache_all
                0x0000000088001914                __asm_flush_l3_cache
                0x000000008800191c                __asm_switch_ttbr
                0x00000000880019fc                __asm_invalidate_tlb_all
                0x0000000088001a48                armv8_switch_to_el2
                0x0000000088001acc                armv8_switch_to_el1
 .text.cleanup_before_linux
                0x0000000088001bc8       0x28 arch/arm/cpu/armv8/built-in.o
                0x0000000088001bc8                cleanup_before_linux
 .text.get_tbclk
                0x0000000088001bf0        0x8 arch/arm/cpu/armv8/built-in.o
                0x0000000088001bf0                get_tbclk
 .text.timer_read_counter
                0x0000000088001bf8        0xc arch/arm/cpu/armv8/built-in.o
                0x0000000088001bf8                timer_read_counter
 .text.count_required_pts
                0x0000000088001c04       0xfc arch/arm/cpu/armv8/built-in.o
 .text.create_table
                0x0000000088001d00       0x70 arch/arm/cpu/armv8/built-in.o
 .text.get_tcr.constprop.2
                0x0000000088001d70       0xf4 arch/arm/cpu/armv8/built-in.o
 .text.find_pte
                0x0000000088001e64       0xa0 arch/arm/cpu/armv8/built-in.o
 .text.setup_pgtables
                0x0000000088001f04      0x118 arch/arm/cpu/armv8/built-in.o
 .text.get_page_table_size
                0x000000008800201c       0x48 arch/arm/cpu/armv8/built-in.o
                0x000000008800201c                get_page_table_size
 .text.mmu_setup
                0x0000000088002064      0x134 arch/arm/cpu/armv8/built-in.o
                0x0000000088002064                mmu_setup
 .text.invalidate_dcache_all
                0x0000000088002198        0x4 arch/arm/cpu/armv8/built-in.o
                0x0000000088002198                invalidate_dcache_all
 .text.flush_dcache_all
                0x000000008800219c       0x14 arch/arm/cpu/armv8/built-in.o
                0x000000008800219c                flush_dcache_all
 .text.flush_dcache_range
                0x00000000880021b0        0x4 arch/arm/cpu/armv8/built-in.o
                0x00000000880021b0                flush_dcache_range
 .text.dcache_enable
                0x00000000880021b4       0xac arch/arm/cpu/armv8/built-in.o
                0x00000000880021b4                dcache_enable
 .text.dcache_disable
                0x0000000088002260       0x88 arch/arm/cpu/armv8/built-in.o
                0x0000000088002260                dcache_disable
 .text.dcache_status
                0x00000000880022e8       0x34 arch/arm/cpu/armv8/built-in.o
                0x00000000880022e8                dcache_status
 .text.icache_enable
                0x000000008800231c       0x74 arch/arm/cpu/armv8/built-in.o
                0x000000008800231c                icache_enable
 .text.icache_disable
                0x0000000088002390       0x64 arch/arm/cpu/armv8/built-in.o
                0x0000000088002390                icache_disable
 .text.icache_status
                0x00000000880023f4       0x34 arch/arm/cpu/armv8/built-in.o
                0x00000000880023f4                icache_status
 .text.invalidate_icache_all
                0x0000000088002428        0x4 arch/arm/cpu/armv8/built-in.o
                0x0000000088002428                invalidate_icache_all
 .text.enable_caches
                0x000000008800242c       0x14 arch/arm/cpu/armv8/built-in.o
                0x000000008800242c                enable_caches
 .text          0x0000000088002440      0x1bc arch/arm/lib/built-in.o
                0x0000000088002440                _main
                0x00000000880024d0                relocate_code
                0x00000000880025a8                ccn504_add_masters_to_dvm
                0x00000000880025c4                ccn504_set_qos
                0x00000000880025d8                ccn504_set_aux
                0x00000000880025ec                gic_init_secure
                0x00000000880025f0                gic_init_secure_percpu
                0x00000000880025f4                gic_kick_secondary_cpus
                0x00000000880025f8                gic_wait_for_interrupt
 .text.arch_fixup_fdt
                0x00000000880025fc       0x34 arch/arm/lib/built-in.o
                0x00000000880025fc                arch_fixup_fdt
 .text.boot_prep_linux
                0x0000000088002630       0x58 arch/arm/lib/built-in.o
 .text.arch_lmb_reserve
                0x0000000088002688       0x24 arch/arm/lib/built-in.o
                0x0000000088002688                arch_lmb_reserve
 .text.update_os_arch_secondary_cores
                0x00000000880026ac        0x4 arch/arm/lib/built-in.o
                0x00000000880026ac                update_os_arch_secondary_cores
 .text.boot_jump_linux
                0x00000000880026b0       0xc0 arch/arm/lib/built-in.o
 .text.do_bootm_linux
                0x0000000088002770       0x74 arch/arm/lib/built-in.o
                0x0000000088002770                do_bootm_linux
 .text.boot_prep_vxworks
                0x00000000880027e4       0x50 arch/arm/lib/built-in.o
                0x00000000880027e4                boot_prep_vxworks
 .text.boot_jump_vxworks
                0x0000000088002834        0xc arch/arm/lib/built-in.o
                0x0000000088002834                boot_jump_vxworks
 .text.arch_reserve_stacks
                0x0000000088002840       0x10 arch/arm/lib/built-in.o
                0x0000000088002840                arch_reserve_stacks
 .text.interrupt_init
                0x0000000088002850        0x8 arch/arm/lib/built-in.o
                0x0000000088002850                interrupt_init
 .text.enable_interrupts
                0x0000000088002858        0x4 arch/arm/lib/built-in.o
                0x0000000088002858                enable_interrupts
 .text.disable_interrupts
                0x000000008800285c        0x8 arch/arm/lib/built-in.o
                0x000000008800285c                disable_interrupts
 .text.show_regs
                0x0000000088002864       0x80 arch/arm/lib/built-in.o
                0x0000000088002864                show_regs
 .text.do_bad_sync
                0x00000000880028e4       0x3c arch/arm/lib/built-in.o
                0x00000000880028e4                do_bad_sync
 .text.do_bad_irq
                0x0000000088002920       0x3c arch/arm/lib/built-in.o
                0x0000000088002920                do_bad_irq
 .text.do_bad_fiq
                0x000000008800295c       0x3c arch/arm/lib/built-in.o
                0x000000008800295c                do_bad_fiq
 .text.do_bad_error
                0x0000000088002998       0x3c arch/arm/lib/built-in.o
                0x0000000088002998                do_bad_error
 .text.do_sync  0x00000000880029d4       0x3c arch/arm/lib/built-in.o
                0x00000000880029d4                do_sync
 .text.do_irq   0x0000000088002a10       0x3c arch/arm/lib/built-in.o
                0x0000000088002a10                do_irq
 .text.do_fiq   0x0000000088002a4c       0x3c arch/arm/lib/built-in.o
                0x0000000088002a4c                do_fiq
 .text.do_error
                0x0000000088002a88       0x3c arch/arm/lib/built-in.o
                0x0000000088002a88                do_error
 .text.reset_misc
                0x0000000088002ac4        0x4 arch/arm/lib/built-in.o
                0x0000000088002ac4                reset_misc
 .text.do_reset
                0x0000000088002ac8       0x38 arch/arm/lib/built-in.o
                0x0000000088002ac8                do_reset
 .text.flush_cache
                0x0000000088002b00        0x8 arch/arm/lib/built-in.o
                0x0000000088002b00                flush_cache
 .text.vexpress64_pcie_init
                0x0000000088002b08        0x4 board/armltd/vexpress64/built-in.o
                0x0000000088002b08                vexpress64_pcie_init
 .text.board_init
                0x0000000088002b0c       0x18 board/armltd/vexpress64/built-in.o
                0x0000000088002b0c                board_init
 .text.dram_init
                0x0000000088002b24       0x10 board/armltd/vexpress64/built-in.o
                0x0000000088002b24                dram_init
 .text.dram_init_banksize
                0x0000000088002b34       0x1c board/armltd/vexpress64/built-in.o
                0x0000000088002b34                dram_init_banksize
 .text.v2m_cfg_write
                0x0000000088002b50       0x50 board/armltd/vexpress64/built-in.o
                0x0000000088002b50                v2m_cfg_write
 .text.reset_cpu
                0x0000000088002ba0       0x34 board/armltd/vexpress64/built-in.o
                0x0000000088002ba0                reset_cpu
 .text.board_eth_init
                0x0000000088002bd4        0xc board/armltd/vexpress64/built-in.o
                0x0000000088002bd4                board_eth_init
 .text.do_go_exec
                0x0000000088002be0       0x10 cmd/built-in.o
                0x0000000088002be0                do_go_exec
 .text.do_go    0x0000000088002bf0       0x84 cmd/built-in.o
 .text.do_bootm
                0x0000000088002c74      0x118 cmd/built-in.o
                0x0000000088002c74                do_bootm
 .text.do_bootd
                0x0000000088002d8c       0x24 cmd/built-in.o
                0x0000000088002d8c                do_bootd
 .text.image_info
                0x0000000088002db0       0xe0 cmd/built-in.o
 .text.do_iminfo
                0x0000000088002e90       0x7c cmd/built-in.o
 .text.do_booti
                0x0000000088002f0c      0x160 cmd/built-in.o
                0x0000000088002f0c                do_booti
 .text.bootm_maybe_autostart
                0x000000008800306c       0x78 cmd/built-in.o
                0x000000008800306c                bootm_maybe_autostart
 .text.do_help  0x00000000880030e4       0x38 cmd/built-in.o
 *fill*         0x000000008800311c        0x4 
 .text.do_version
                0x0000000088003120       0x48 cmd/built-in.o
 .text.parse_flash
                0x0000000088003168      0x30c cmd/built-in.o
 .text.load_image
                0x0000000088003474      0x144 cmd/built-in.o
 .text.do_afs   0x00000000880035b8      0x258 cmd/built-in.o
 .text.source   0x0000000088003810       0xf4 cmd/built-in.o
                0x0000000088003810                source
 .text.do_source
                0x0000000088003904       0x54 cmd/built-in.o
 .text.print_num
                0x0000000088003958       0x14 cmd/built-in.o
 .text.do_bdinfo
                0x000000008800396c      0x190 cmd/built-in.o
 .text.bootefi_open_dp
                0x0000000088003afc       0x14 cmd/built-in.o
 .text.do_bootefi_exec
                0x0000000088003b10      0x228 cmd/built-in.o
 .text.do_bootefi
                0x0000000088003d38       0xa0 cmd/built-in.o
 .text.efi_set_bootdev
                0x0000000088003dd8       0xe0 cmd/built-in.o
                0x0000000088003dd8                efi_set_bootdev
 .text.parse_argv
                0x0000000088003eb8       0x64 cmd/built-in.o
 .text.do_icache
                0x0000000088003f1c       0x8c cmd/built-in.o
 .text.do_dcache
                0x0000000088003fa8       0x8c cmd/built-in.o
 .text.do_echo  0x0000000088004034       0xe4 cmd/built-in.o
 .text.load_elf_image_shdr
                0x0000000088004118       0xa8 cmd/built-in.o
 .text.valid_elf_image
                0x00000000880041c0       0x54 cmd/built-in.o
                0x00000000880041c0                valid_elf_image
 .text.do_bootelf
                0x0000000088004214      0x1cc cmd/built-in.o
                0x0000000088004214                do_bootelf
 .text.do_bootvx
                0x00000000880043e0      0x374 cmd/built-in.o
                0x00000000880043e0                do_bootvx
 .text.do_exit  0x0000000088004754       0x34 cmd/built-in.o
 .text.do_fat_size
                0x0000000088004788        0x8 cmd/built-in.o
                0x0000000088004788                do_fat_size
 .text.do_fat_fsload
                0x0000000088004790        0x8 cmd/built-in.o
                0x0000000088004790                do_fat_fsload
 .text.do_fat_ls
                0x0000000088004798        0x8 cmd/built-in.o
 .text.do_fat_fsinfo
                0x00000000880047a0       0x9c cmd/built-in.o
 .text.fdt_valid
                0x000000008800483c       0xcc cmd/built-in.o
 .text.is_printable_string
                0x0000000088004908       0xa0 cmd/built-in.o
 .text.print_data
                0x00000000880049a8      0x1cc cmd/built-in.o
 .text.set_working_fdt_addr
                0x0000000088004b74       0x18 cmd/built-in.o
                0x0000000088004b74                set_working_fdt_addr
 .text.do_fdt   0x0000000088004b8c      0xe48 cmd/built-in.o
 .text.flash_fill_sect_ranges
                0x00000000880059d4      0x184 cmd/built-in.o
 .text.abbrev_spec
                0x0000000088005b58      0x158 cmd/built-in.o
 .text.do_flinfo
                0x0000000088005cb0       0x68 cmd/built-in.o
 .text.flash_sect_roundb
                0x0000000088005d18       0xc8 cmd/built-in.o
                0x0000000088005d18                flash_sect_roundb
 .text.addr_spec
                0x0000000088005de0       0xd0 cmd/built-in.o
 .text.flash_sect_erase
                0x0000000088005eb0       0xb8 cmd/built-in.o
                0x0000000088005eb0                flash_sect_erase
 .text.do_flerase
                0x0000000088005f68      0x18c cmd/built-in.o
 .text.flash_sect_protect
                0x00000000880060f4      0x130 cmd/built-in.o
                0x00000000880060f4                flash_sect_protect
 .text.do_protect
                0x0000000088006224      0x324 cmd/built-in.o
 .text.bin_data_init
                0x0000000088006548       0x1c cmd/built-in.o
 .text.k_data_save
                0x0000000088006564       0x34 cmd/built-in.o
 .text.k_data_restore
                0x0000000088006598       0x34 cmd/built-in.o
 .text.load_serial_ymodem
                0x00000000880065cc      0x11c cmd/built-in.o
 .text.getcxmodem
                0x00000000880066e8       0x24 cmd/built-in.o
 .text.bin_data_char
                0x000000008800670c       0x28 cmd/built-in.o
 .text.chk1.constprop.1
                0x0000000088006734       0x34 cmd/built-in.o
 .text.s1_sendpacket.constprop.2
                0x0000000088006768       0x60 cmd/built-in.o
 .text.do_load_serial_bin
                0x00000000880067c8      0x7f8 cmd/built-in.o
 .text.do_mem_loop
                0x0000000088006fc0      0x144 cmd/built-in.o
 .text.do_mem_md
                0x0000000088007104       0xf4 cmd/built-in.o
 .text.do_mem_cmp
                0x00000000880071f8      0x1a4 cmd/built-in.o
 .text.do_mem_base
                0x000000008800739c       0x4c cmd/built-in.o
 .text.do_mem_mw
                0x00000000880073e8       0xfc cmd/built-in.o
 .text.do_mem_cp
                0x00000000880074e4      0x174 cmd/built-in.o
 .text.do_mem_crc
                0x0000000088007658       0x30 cmd/built-in.o
 .text.do_mem_mtest
                0x0000000088007688      0x258 cmd/built-in.o
 .text.mod_mem.isra.2
                0x00000000880078e0      0x1d4 cmd/built-in.o
 .text.do_mem_mm
                0x0000000088007ab4        0x8 cmd/built-in.o
 .text.do_mem_nm
                0x0000000088007abc        0x8 cmd/built-in.o
 .text.extract_range
                0x0000000088007ac4       0x64 cmd/built-in.o
 .text.do_mii   0x0000000088007b28      0x914 cmd/built-in.o
 .text.netboot_common
                0x000000008800843c      0x280 cmd/built-in.o
 .text.do_bootp
                0x00000000880086bc        0xc cmd/built-in.o
 .text.do_dhcp  0x00000000880086c8        0xc cmd/built-in.o
 .text.do_tftpb
                0x00000000880086d4       0x50 cmd/built-in.o
                0x00000000880086d4                do_tftpb
 .text.do_ping  0x0000000088008724       0x74 cmd/built-in.o
 .text.do_get_ext2
                0x0000000088008798        0x8 cmd/built-in.o
 .text.do_get_any
                0x00000000880087a0        0x8 cmd/built-in.o
 .text.eol_or_eof
                0x00000000880087a8       0x24 cmd/built-in.o
 .text.do_pxe   0x00000000880087cc       0x8c cmd/built-in.o
 .text.label_print
                0x0000000088008858       0x1c cmd/built-in.o
 .text.do_get_tftp
                0x0000000088008874       0x44 cmd/built-in.o
 .text.from_env
                0x00000000880088b8       0x3c cmd/built-in.o
 .text.get_string
                0x00000000880088f4       0xf4 cmd/built-in.o
 .text.label_destroy
                0x00000000880089e8       0x68 cmd/built-in.o
 .text.destroy_pxe_menu
                0x0000000088008a50       0x68 cmd/built-in.o
 .text.get_token
                0x0000000088008ab8      0x138 cmd/built-in.o
 .text.parse_sliteral
                0x0000000088008bf0       0x6c cmd/built-in.o
 .text.parse_integer
                0x0000000088008c5c       0x84 cmd/built-in.o
 .text.do_get_fat
                0x0000000088008ce0       0x44 cmd/built-in.o
 .text.format_mac_pxe.constprop.9
                0x0000000088008d24       0x6c cmd/built-in.o
 .text.get_relfile
                0x0000000088008d90      0x13c cmd/built-in.o
 .text.get_pxe_file
                0x0000000088008ecc       0x60 cmd/built-in.o
 .text.handle_include
                0x0000000088008f2c       0xc4 cmd/built-in.o
 .text.parse_pxefile_top
                0x0000000088008ff0      0x418 cmd/built-in.o
 .text.parse_pxefile
                0x0000000088009408       0x84 cmd/built-in.o
 .text.get_pxelinux_path
                0x000000008800948c       0x98 cmd/built-in.o
 .text.do_pxe_get
                0x0000000088009524      0x164 cmd/built-in.o
 .text.get_relfile_envaddr
                0x0000000088009688       0x5c cmd/built-in.o
 .text.label_boot
                0x00000000880096e4      0x594 cmd/built-in.o
 .text.handle_pxe_menu
                0x0000000088009c78      0x178 cmd/built-in.o
 .text.do_pxe_boot
                0x0000000088009df0       0xe8 cmd/built-in.o
 .text.do_sysboot
                0x0000000088009ed8      0x1f8 cmd/built-in.o
 .text.do_false
                0x000000008800a0d0        0x8 cmd/built-in.o
 .text.do_true  0x000000008800a0d8        0x8 cmd/built-in.o
 .text.do_test  0x000000008800a0e0      0x334 cmd/built-in.o
 .text.do_unzip
                0x000000008800a414       0xbc cmd/built-in.o
 .text.do_gzwrite
                0x000000008800a4d0      0x118 cmd/built-in.o
 .text.do_env_delete
                0x000000008800a5e8       0xb8 cmd/built-in.o
 .text.do_env_save
                0x000000008800a6a0       0x30 cmd/built-in.o
 .text.do_env   0x000000008800a6d0       0x80 cmd/built-in.o
 .text.env_print
                0x000000008800a750       0xcc cmd/built-in.o
 .text.do_env_print
                0x000000008800a81c       0xe4 cmd/built-in.o
 .text.do_env_import
                0x000000008800a900      0x270 cmd/built-in.o
 .text.do_env_default
                0x000000008800ab70       0x94 cmd/built-in.o
 .text._do_env_set.isra.1
                0x000000008800ac04      0x1d0 cmd/built-in.o
 .text.do_env_set
                0x000000008800add4       0x20 cmd/built-in.o
 .text.get_env_id
                0x000000008800adf4        0xc cmd/built-in.o
                0x000000008800adf4                get_env_id
 .text.setenv   0x000000008800ae00       0x5c cmd/built-in.o
                0x000000008800ae00                setenv
 .text.setenv_ulong
                0x000000008800ae5c       0x2c cmd/built-in.o
                0x000000008800ae5c                setenv_ulong
 .text.setenv_hex
                0x000000008800ae88       0x3c cmd/built-in.o
                0x000000008800ae88                setenv_hex
 .text.do_env_export
                0x000000008800aec4      0x244 cmd/built-in.o
 .text.envmatch
                0x000000008800b108       0x84 cmd/built-in.o
                0x000000008800b108                envmatch
 .text.getenv_f
                0x000000008800b18c       0xf0 cmd/built-in.o
                0x000000008800b18c                getenv_f
 .text.getenv   0x000000008800b27c       0x78 cmd/built-in.o
                0x000000008800b27c                getenv
 .text.getenv_hex
                0x000000008800b2f4       0x48 cmd/built-in.o
                0x000000008800b2f4                getenv_hex
 .text.getenv_ulong
                0x000000008800b33c       0x44 cmd/built-in.o
                0x000000008800b33c                getenv_ulong
 .text.board_init_f_alloc_reserve
                0x000000008800b380       0x10 common/built-in.o
                0x000000008800b380                board_init_f_alloc_reserve
 .text.board_init_f_init_reserve
                0x000000008800b390       0x30 common/built-in.o
                0x000000008800b390                board_init_f_init_reserve
 .text.show_boot_progress
                0x000000008800b3c0        0x4 common/built-in.o
                0x000000008800b3c0                show_boot_progress
 .text.main_loop
                0x000000008800b3c4       0x2c common/built-in.o
                0x000000008800b3c4                main_loop
 .text.dummy    0x000000008800b3f0        0x4 common/built-in.o
 .text.get_version
                0x000000008800b3f4        0x8 common/built-in.o
                0x000000008800b3f4                get_version
 .text.jumptable_init
                0x000000008800b3fc      0x1e0 common/built-in.o
                0x000000008800b3fc                jumptable_init
 .text.hash_command
                0x000000008800b5dc       0xc4 common/built-in.o
                0x000000008800b5dc                hash_command
 .text.b_reset  0x000000008800b6a0       0x18 common/built-in.o
 .text.static_get
                0x000000008800b6b8       0x1c common/built-in.o
 .text.static_peek
                0x000000008800b6d4        0xc common/built-in.o
 .text.file_peek
                0x000000008800b6e0        0xc common/built-in.o
 .text.mapset   0x000000008800b6ec       0x20 common/built-in.o
 .text.syntax_err
                0x000000008800b70c        0xc common/built-in.o
 .text.free_pipe_list
                0x000000008800b718       0xf8 common/built-in.o
 .text.xmalloc  0x000000008800b810       0x28 common/built-in.o
 .text.new_pipe
                0x000000008800b838       0x2c common/built-in.o
 .text.xrealloc
                0x000000008800b864       0x28 common/built-in.o
 .text.done_command
                0x000000008800b88c       0x94 common/built-in.o
 .text.done_pipe
                0x000000008800b920       0x58 common/built-in.o
 .text.done_word
                0x000000008800b978      0x2b4 common/built-in.o
 .text.do_showvar
                0x000000008800bc2c      0x124 common/built-in.o
 .text.is_assignment
                0x000000008800bd50       0x54 common/built-in.o
 .text.file_get
                0x000000008800bda4      0x1f4 common/built-in.o
 .text.b_addchr
                0x000000008800bf98       0x90 common/built-in.o
 .text.b_addqchr
                0x000000008800c028       0x58 common/built-in.o
 .text.get_local_var
                0x000000008800c080       0x90 common/built-in.o
                0x000000008800c080                get_local_var
 .text.set_local_var
                0x000000008800c110      0x1bc common/built-in.o
                0x000000008800c110                set_local_var
 .text.insert_var_value_sub
                0x000000008800c2cc      0x2d0 common/built-in.o
 .text.parse_string_outer
                0x000000008800c59c      0x100 common/built-in.o
                0x000000008800c59c                parse_string_outer
 .text.run_list_real
                0x000000008800c69c      0x7a8 common/built-in.o
 .text.parse_stream_outer
                0x000000008800ce44      0x6c0 common/built-in.o
 .text.parse_file_outer
                0x000000008800d504       0x44 common/built-in.o
                0x000000008800d504                parse_file_outer
 .text.u_boot_hush_start
                0x000000008800d548       0x5c common/built-in.o
                0x000000008800d548                u_boot_hush_start
 .text.bootdelay_process
                0x000000008800d5a4       0x58 common/built-in.o
                0x000000008800d5a4                bootdelay_process
 .text.autoboot_command
                0x000000008800d5fc       0xe0 common/built-in.o
                0x000000008800d5fc                autoboot_command
 .text.print_cpuinfo
                0x000000008800d6dc        0x8 common/built-in.o
 .text.display_text_info
                0x000000008800d6e4        0x8 common/built-in.o
 .text.setup_mon_len
                0x000000008800d6ec       0x20 common/built-in.o
 .text.arch_cpu_init
                0x000000008800d70c        0x8 common/built-in.o
                0x000000008800d70c                arch_cpu_init
 .text.reserve_round_4k
                0x000000008800d714       0x14 common/built-in.o
 .text.reserve_trace
                0x000000008800d728        0x8 common/built-in.o
 .text.reserve_uboot
                0x000000008800d730       0x2c common/built-in.o
 .text.reserve_malloc
                0x000000008800d75c       0x14 common/built-in.o
 .text.setup_machine
                0x000000008800d770        0x8 common/built-in.o
 .text.reserve_global_data
                0x000000008800d778       0x1c common/built-in.o
 .text.reserve_fdt
                0x000000008800d794       0x48 common/built-in.o
 .text.display_new_sp
                0x000000008800d7dc        0x8 common/built-in.o
 .text.initf_console_record
                0x000000008800d7e4        0x8 common/built-in.o
 .text.reserve_arch
                0x000000008800d7ec        0x8 common/built-in.o
                0x000000008800d7ec                reserve_arch
 .text.arch_cpu_init_dm
                0x000000008800d7f4        0x8 common/built-in.o
                0x000000008800d7f4                arch_cpu_init_dm
 .text.reserve_mmu
                0x000000008800d7fc       0x4c common/built-in.o
 .text.announce_dram_init
                0x000000008800d848       0x20 common/built-in.o
 .text.init_baud_rate
                0x000000008800d868       0x3c common/built-in.o
 .text.mark_bootstage
                0x000000008800d8a4       0x1c common/built-in.o
 .text.initf_dm
                0x000000008800d8c0        0x8 common/built-in.o
 .text.setup_reloc
                0x000000008800d8c8       0x40 common/built-in.o
 .text.reloc_fdt
                0x000000008800d908       0x3c common/built-in.o
 .text.reserve_board
                0x000000008800d944       0x40 common/built-in.o
 .text.board_add_ram_info
                0x000000008800d984        0x4 common/built-in.o
                0x000000008800d984                board_add_ram_info
 .text.show_dram_config
                0x000000008800d988       0x38 common/built-in.o
 .text.setup_dram_config
                0x000000008800d9c0       0x18 common/built-in.o
 .text.board_get_usable_ram_top
                0x000000008800d9d8       0x1c common/built-in.o
                0x000000008800d9d8                board_get_usable_ram_top
 .text.board_reserve_ram_top
                0x000000008800d9f4        0x4 common/built-in.o
                0x000000008800d9f4                board_reserve_ram_top
 .text.setup_dest_addr
                0x000000008800d9f8       0x5c common/built-in.o
 .text.reserve_stacks
                0x000000008800da54       0x1c common/built-in.o
 .text.board_init_f
                0x000000008800da70       0x2c common/built-in.o
                0x000000008800da70                board_init_f
 .text.bootstage_relocate
                0x000000008800da9c        0x8 common/built-in.o
 .text.initr_trace
                0x000000008800daa4        0x8 common/built-in.o
 .text.initr_reloc
                0x000000008800daac       0x18 common/built-in.o
 .text.initr_barrier
                0x000000008800dac4        0x8 common/built-in.o
 .text.initr_console_record
                0x000000008800dacc        0x8 common/built-in.o
 .text.power_init_board
                0x000000008800dad4        0x8 common/built-in.o
                0x000000008800dad4                power_init_board
 .text.initr_announce
                0x000000008800dadc        0x8 common/built-in.o
 .text.run_main_loop
                0x000000008800dae4       0x10 common/built-in.o
 .text.initr_net
                0x000000008800daf4       0x24 common/built-in.o
 .text.initr_ethaddr
                0x000000008800db18       0x28 common/built-in.o
 .text.initr_enable_interrupts
                0x000000008800db40       0x18 common/built-in.o
 .text.initr_jumptable
                0x000000008800db58       0x18 common/built-in.o
 .text.initr_env
                0x000000008800db70       0x3c common/built-in.o
 .text.initr_serial
                0x000000008800dbac       0x18 common/built-in.o
 .text.initr_bootstage
                0x000000008800dbc4       0x1c common/built-in.o
 .text.initr_dm
                0x000000008800dbe0       0x14 common/built-in.o
 .text.initr_malloc
                0x000000008800dbf4       0x24 common/built-in.o
 .text.initr_reloc_global_data
                0x000000008800dc18       0x3c common/built-in.o
 .text.initr_caches
                0x000000008800dc54       0x18 common/built-in.o
 .text.board_flash_wp_on
                0x000000008800dc6c        0x8 common/built-in.o
                0x000000008800dc6c                board_flash_wp_on
 .text.initr_flash
                0x000000008800dc74       0x74 common/built-in.o
 .text.cpu_secondary_init_r
                0x000000008800dce8        0x4 common/built-in.o
                0x000000008800dce8                cpu_secondary_init_r
 .text.initr_secondary_cpu
                0x000000008800dcec       0x18 common/built-in.o
 .text.board_init_r
                0x000000008800dd04       0x18 common/built-in.o
                0x000000008800dd04                board_init_r
 .text.bootm_find_images
                0x000000008800dd1c       0xb4 common/built-in.o
                0x000000008800dd1c                bootm_find_images
 .text.bootm_decomp_image
                0x000000008800ddd0      0x180 common/built-in.o
                0x000000008800ddd0                bootm_decomp_image
 .text.bootm_disable_interrupts
                0x000000008800df50       0x18 common/built-in.o
                0x000000008800df50                bootm_disable_interrupts
 .text.do_bootm_states
                0x000000008800df68      0x730 common/built-in.o
                0x000000008800df68                do_bootm_states
 .text.copy_args
                0x000000008800e698       0x74 common/built-in.o
 .text.do_bootm_rtems
                0x000000008800e70c       0x50 common/built-in.o
 .text.do_bootm_plan9
                0x000000008800e75c       0xb8 common/built-in.o
 .text.do_bootm_standalone
                0x000000008800e814       0x74 common/built-in.o
 .text.do_bootm_qnxelf
                0x000000008800e888       0x68 common/built-in.o
 .text.do_bootm_netbsd
                0x000000008800e8f0      0x12c common/built-in.o
 .text.do_bootvx_fdt
                0x000000008800ea1c      0x120 common/built-in.o
                0x000000008800ea1c                do_bootvx_fdt
 .text.do_bootm_vxworks
                0x000000008800eb3c       0x2c common/built-in.o
 .text.arch_preboot_os
                0x000000008800eb68        0x4 common/built-in.o
                0x000000008800eb68                arch_preboot_os
 .text.boot_selected_os
                0x000000008800eb6c       0x78 common/built-in.o
                0x000000008800eb6c                boot_selected_os
 .text.bootm_os_get_boot_func
                0x000000008800ebe4       0x10 common/built-in.o
                0x000000008800ebe4                bootm_os_get_boot_func
 .text.regex_callback
                0x000000008800ebf4      0x14c common/built-in.o
 .text.env_attr_walk
                0x000000008800ed40      0x130 common/built-in.o
                0x000000008800ed40                env_attr_walk
 .text.env_attr_lookup
                0x000000008800ee70       0x80 common/built-in.o
                0x000000008800ee70                env_attr_lookup
 .text.clear_callback
                0x000000008800eef0        0xc common/built-in.o
 .text.find_env_callback
                0x000000008800eefc       0x80 common/built-in.o
 .text.on_callbacks
                0x000000008800ef7c       0x60 common/built-in.o
 .text.set_callback
                0x000000008800efdc       0x94 common/built-in.o
 .text.env_callback_init
                0x000000008800f070       0xbc common/built-in.o
                0x000000008800f070                env_callback_init
 .text.skip_num
                0x000000008800f12c       0x70 common/built-in.o
 .text.clear_flags
                0x000000008800f19c        0xc common/built-in.o
 .text.on_flags
                0x000000008800f1a8       0x60 common/built-in.o
 .text.env_flags_parse_vartype
                0x000000008800f208       0x64 common/built-in.o
                0x000000008800f208                env_flags_parse_vartype
 .text.env_flags_parse_varaccess
                0x000000008800f26c       0x60 common/built-in.o
                0x000000008800f26c                env_flags_parse_varaccess
 .text.set_flags
                0x000000008800f2cc       0xb0 common/built-in.o
 .text.eth_validate_ethaddr_str
                0x000000008800f37c       0xa4 common/built-in.o
                0x000000008800f37c                eth_validate_ethaddr_str
 .text.env_flags_init
                0x000000008800f420       0xc8 common/built-in.o
                0x000000008800f420                env_flags_init
 .text.env_flags_validate
                0x000000008800f4e8      0x2b8 common/built-in.o
                0x000000008800f4e8                env_flags_validate
 .text.env_init
                0x000000008800f7a0       0x68 common/built-in.o
                0x000000008800f7a0                env_init
 .text.saveenv  0x000000008800f808       0xb0 common/built-in.o
                0x000000008800f808                saveenv
 .text.env_relocate_spec
                0x000000008800f8b8        0xc common/built-in.o
                0x000000008800f8b8                env_relocate_spec
 .text.fdt_find_and_setprop
                0x000000008800f8c4       0x94 common/built-in.o
                0x000000008800f8c4                fdt_find_and_setprop
 .text.fdt_find_or_add_subnode
                0x000000008800f958       0x7c common/built-in.o
                0x000000008800f958                fdt_find_or_add_subnode
 .text.fdt_root
                0x000000008800f9d4       0x98 common/built-in.o
                0x000000008800f9d4                fdt_root
 .text.fdt_initrd
                0x000000008800fa6c      0x1b8 common/built-in.o
                0x000000008800fa6c                fdt_initrd
 .text.fdt_chosen
                0x000000008800fc24       0xbc common/built-in.o
                0x000000008800fc24                fdt_chosen
 .text.do_fixup_by_path
                0x000000008800fce0       0x4c common/built-in.o
                0x000000008800fce0                do_fixup_by_path
 .text.fdt_fixup_memory_banks
                0x000000008800fd2c      0x1d8 common/built-in.o
                0x000000008800fd2c                fdt_fixup_memory_banks
 .text.fdt_fixup_memory
                0x000000008800ff04       0x2c common/built-in.o
                0x000000008800ff04                fdt_fixup_memory
 .text.fdt_fixup_ethernet
                0x000000008800ff30      0x1ac common/built-in.o
                0x000000008800ff30                fdt_fixup_ethernet
 .text.fdt_shrink_to_minimum
                0x00000000880100dc       0xc4 common/built-in.o
                0x00000000880100dc                fdt_shrink_to_minimum
 .text.miiphy_get_dev_by_name
                0x00000000880101a0       0x70 common/built-in.o
                0x00000000880101a0                miiphy_get_dev_by_name
 .text.miiphy_init
                0x0000000088010210       0x1c common/built-in.o
                0x0000000088010210                miiphy_init
 .text.miiphy_set_current_dev
                0x000000008801022c       0x40 common/built-in.o
                0x000000008801022c                miiphy_set_current_dev
 .text.miiphy_get_active_dev
                0x000000008801026c       0x60 common/built-in.o
 .text.miiphy_get_current_dev
                0x00000000880102cc       0x18 common/built-in.o
                0x00000000880102cc                miiphy_get_current_dev
 .text.miiphy_read
                0x00000000880102e4       0x58 common/built-in.o
                0x00000000880102e4                miiphy_read
 .text.miiphy_write
                0x000000008801033c       0x54 common/built-in.o
                0x000000008801033c                miiphy_write
 .text.miiphy_listdev
                0x0000000088010390       0x90 common/built-in.o
                0x0000000088010390                miiphy_listdev
 .text.miiphy_info
                0x0000000088010420       0xa0 common/built-in.o
                0x0000000088010420                miiphy_info
 .text.miiphy_speed
                0x00000000880104c0       0x98 common/built-in.o
                0x00000000880104c0                miiphy_speed
 .text.miiphy_duplex
                0x0000000088010558       0x9c common/built-in.o
                0x0000000088010558                miiphy_duplex
 .text.miiphy_is_1000base_x
                0x00000000880105f4        0x8 common/built-in.o
                0x00000000880105f4                miiphy_is_1000base_x
 .text.flash_protect
                0x00000000880105fc      0x108 common/built-in.o
                0x00000000880105fc                flash_protect
 .text.addr2info
                0x0000000088010704       0x44 common/built-in.o
                0x0000000088010704                addr2info
 .text.flash_write
                0x0000000088010748      0x13c common/built-in.o
                0x0000000088010748                flash_write
 .text.flash_perror
                0x0000000088010884       0xe8 common/built-in.o
                0x0000000088010884                flash_perror
 .text.menu_display_statusline
                0x000000008801096c        0x4 common/built-in.o
                0x000000008801096c                menu_display_statusline
 .text.menu_default_set
                0x0000000088010970       0x94 common/built-in.o
                0x0000000088010970                menu_default_set
 .text.menu_get_choice
                0x0000000088010a04      0x1d4 common/built-in.o
                0x0000000088010a04                menu_get_choice
 .text.menu_item_add
                0x0000000088010bd8       0xe0 common/built-in.o
                0x0000000088010bd8                menu_item_add
 .text.menu_create
                0x0000000088010cb8       0xa8 common/built-in.o
                0x0000000088010cb8                menu_create
 .text.menu_destroy
                0x0000000088010d60       0x7c common/built-in.o
                0x0000000088010d60                menu_destroy
 .text.env_get_char_spec
                0x0000000088010ddc        0xc common/built-in.o
                0x0000000088010ddc                env_get_char_spec
 .text.env_get_addr
                0x0000000088010de8       0x24 common/built-in.o
                0x0000000088010de8                env_get_addr
 .text.env_get_char_memory
                0x0000000088010e0c       0x18 common/built-in.o
                0x0000000088010e0c                env_get_char_memory
 .text.env_get_char
                0x0000000088010e24       0x28 common/built-in.o
                0x0000000088010e24                env_get_char
 .text.getenv_yesno
                0x0000000088010e4c       0x4c common/built-in.o
                0x0000000088010e4c                getenv_yesno
 .text.getenv_default
                0x0000000088010e98       0x3c common/built-in.o
                0x0000000088010e98                getenv_default
 .text.set_default_env
                0x0000000088010ed4       0xb0 common/built-in.o
                0x0000000088010ed4                set_default_env
 .text.set_default_vars
                0x0000000088010f84       0x2c common/built-in.o
                0x0000000088010f84                set_default_vars
 .text.env_import
                0x0000000088010fb0       0xdc common/built-in.o
                0x0000000088010fb0                env_import
 .text.env_export
                0x000000008801108c       0x94 common/built-in.o
                0x000000008801108c                env_export
 .text.env_relocate
                0x0000000088011120       0x30 common/built-in.o
                0x0000000088011120                env_relocate
 .text.console_setfile
                0x0000000088011150       0xc4 common/built-in.o
 .text.puts     0x0000000088011214       0x2c common/built-in.o
                0x0000000088011214                puts
 .text.putc     0x0000000088011240       0x30 common/built-in.o
                0x0000000088011240                putc
 .text.fgetc    0x0000000088011270       0x24 common/built-in.o
                0x0000000088011270                fgetc
 .text.getc     0x0000000088011294       0x24 common/built-in.o
                0x0000000088011294                getc
 .text.ftstc    0x00000000880112b8       0x24 common/built-in.o
                0x00000000880112b8                ftstc
 .text.tstc     0x00000000880112dc       0x24 common/built-in.o
                0x00000000880112dc                tstc
 .text.ctrlc    0x0000000088011300       0x58 common/built-in.o
                0x0000000088011300                ctrlc
 .text.had_ctrlc
                0x0000000088011358        0xc common/built-in.o
                0x0000000088011358                had_ctrlc
 .text.clear_ctrlc
                0x0000000088011364        0xc common/built-in.o
                0x0000000088011364                clear_ctrlc
 .text.search_device
                0x0000000088011370       0x3c common/built-in.o
                0x0000000088011370                search_device
 .text.console_assign
                0x00000000880113ac       0x60 common/built-in.o
                0x00000000880113ac                console_assign
 .text.on_console
                0x000000008801140c       0xc4 common/built-in.o
 .text.console_init_f
                0x00000000880114d0       0x10 common/built-in.o
                0x00000000880114d0                console_init_f
 .text.stdio_print_current_devices
                0x00000000880114e0       0xc0 common/built-in.o
                0x00000000880114e0                stdio_print_current_devices
 .text.console_init_r
                0x00000000880115a0       0xe0 common/built-in.o
                0x00000000880115a0                console_init_r
 .text.sbrk     0x0000000088011680       0x70 common/built-in.o
                0x0000000088011680                sbrk
 .text.mem_malloc_init
                0x00000000880116f0       0x28 common/built-in.o
                0x00000000880116f0                mem_malloc_init
 .text.malloc_trim
                0x0000000088011718       0xd4 common/built-in.o
                0x0000000088011718                malloc_trim
 .text.free     0x00000000880117ec      0x250 common/built-in.o
                0x00000000880117ec                free
 .text.malloc   0x0000000088011a3c      0x6b8 common/built-in.o
                0x0000000088011a3c                malloc
 .text.calloc   0x00000000880120f4      0x100 common/built-in.o
                0x00000000880120f4                calloc
 .text.realloc  0x00000000880121f4      0x480 common/built-in.o
                0x00000000880121f4                realloc
 .text.memalign
                0x0000000088012674      0x194 common/built-in.o
                0x0000000088012674                memalign
 .text.initf_malloc
                0x0000000088012808       0x18 common/built-in.o
                0x0000000088012808                initf_malloc
 .text.malloc_simple
                0x0000000088012820       0x34 common/built-in.o
                0x0000000088012820                malloc_simple
 .text.on_loadaddr
                0x0000000088012854       0x38 common/built-in.o
 .text.image_check_hcrc
                0x000000008801288c       0x50 common/built-in.o
                0x000000008801288c                image_check_hcrc
 .text.image_check_dcrc
                0x00000000880128dc       0x44 common/built-in.o
                0x00000000880128dc                image_check_dcrc
 .text.image_multi_count
                0x0000000088012920       0x20 common/built-in.o
                0x0000000088012920                image_multi_count
 .text.image_multi_getimg
                0x0000000088012940       0xa0 common/built-in.o
                0x0000000088012940                image_multi_getimg
 .text.getenv_bootm_low
                0x00000000880129e0       0x34 common/built-in.o
                0x00000000880129e0                getenv_bootm_low
 .text.getenv_bootm_size
                0x0000000088012a14       0x78 common/built-in.o
                0x0000000088012a14                getenv_bootm_size
 .text.getenv_bootm_mapsize
                0x0000000088012a8c       0x30 common/built-in.o
                0x0000000088012a8c                getenv_bootm_mapsize
 .text.memmove_wd
                0x0000000088012abc       0x10 common/built-in.o
                0x0000000088012abc                memmove_wd
 .text.genimg_print_size
                0x0000000088012acc       0x38 common/built-in.o
                0x0000000088012acc                genimg_print_size
 .text.get_table_entry
                0x0000000088012b04       0x20 common/built-in.o
                0x0000000088012b04                get_table_entry
 .text.get_table_entry_name
                0x0000000088012b24       0x34 common/built-in.o
                0x0000000088012b24                get_table_entry_name
 .text.genimg_get_os_name
                0x0000000088012b58       0x18 common/built-in.o
                0x0000000088012b58                genimg_get_os_name
 .text.genimg_get_arch_name
                0x0000000088012b70       0x18 common/built-in.o
                0x0000000088012b70                genimg_get_arch_name
 .text.genimg_get_type_name
                0x0000000088012b88       0x18 common/built-in.o
                0x0000000088012b88                genimg_get_type_name
 .text.genimg_get_comp_name
                0x0000000088012ba0       0x18 common/built-in.o
                0x0000000088012ba0                genimg_get_comp_name
 .text.image_print_contents
                0x0000000088012bb8      0x19c common/built-in.o
                0x0000000088012bb8                image_print_contents
 .text.genimg_get_kernel_addr_fit
                0x0000000088012d54       0x1c common/built-in.o
                0x0000000088012d54                genimg_get_kernel_addr_fit
 .text.genimg_get_kernel_addr
                0x0000000088012d70       0x24 common/built-in.o
                0x0000000088012d70                genimg_get_kernel_addr
 .text.genimg_get_format
                0x0000000088012d94       0x40 common/built-in.o
                0x0000000088012d94                genimg_get_format
 .text.genimg_get_image
                0x0000000088012dd4        0x4 common/built-in.o
                0x0000000088012dd4                genimg_get_image
 .text.genimg_has_config
                0x0000000088012dd8        0x8 common/built-in.o
                0x0000000088012dd8                genimg_has_config
 .text.boot_get_ramdisk
                0x0000000088012de0      0x26c common/built-in.o
                0x0000000088012de0                boot_get_ramdisk
 .text.boot_ramdisk_high
                0x000000008801304c      0x144 common/built-in.o
                0x000000008801304c                boot_ramdisk_high
 .text.boot_get_setup
                0x0000000088013190        0x8 common/built-in.o
                0x0000000088013190                boot_get_setup
 .text.image_setup_linux
                0x0000000088013198       0x80 common/built-in.o
                0x0000000088013198                image_setup_linux
 .text.fdt_error
                0x0000000088013218       0x38 common/built-in.o
 .text.boot_fdt_add_mem_rsv_regions
                0x0000000088013250       0x9c common/built-in.o
                0x0000000088013250                boot_fdt_add_mem_rsv_regions
 .text.boot_relocate_fdt
                0x00000000880132ec      0x1b4 common/built-in.o
                0x00000000880132ec                boot_relocate_fdt
 .text.boot_get_fdt
                0x00000000880134a0      0x2a8 common/built-in.o
                0x00000000880134a0                boot_get_fdt
 .text.ft_verify_fdt
                0x0000000088013748        0x8 common/built-in.o
                0x0000000088013748                ft_verify_fdt
 .text.image_setup_libfdt
                0x0000000088013750      0x114 common/built-in.o
                0x0000000088013750                image_setup_libfdt
 .text.get_effective_memsize
                0x0000000088013864        0x8 common/built-in.o
                0x0000000088013864                get_effective_memsize
 .text.stdio_serial_tstc
                0x000000008801386c        0x4 common/built-in.o
 .text.stdio_serial_getc
                0x0000000088013870        0x4 common/built-in.o
 .text.stdio_serial_puts
                0x0000000088013874        0x8 common/built-in.o
 .text.stdio_serial_putc
                0x000000008801387c        0x8 common/built-in.o
 .text.stdio_get_list
                0x0000000088013884       0x10 common/built-in.o
                0x0000000088013884                stdio_get_list
 .text.stdio_get_by_name
                0x0000000088013894       0x68 common/built-in.o
                0x0000000088013894                stdio_get_by_name
 .text.stdio_clone
                0x00000000880138fc       0x50 common/built-in.o
                0x00000000880138fc                stdio_clone
 .text.stdio_register_dev
                0x000000008801394c       0x58 common/built-in.o
                0x000000008801394c                stdio_register_dev
 .text.stdio_register
                0x00000000880139a4        0x8 common/built-in.o
                0x00000000880139a4                stdio_register
 .text.stdio_init_tables
                0x00000000880139ac       0x1c common/built-in.o
                0x00000000880139ac                stdio_init_tables
 .text.stdio_add_devices
                0x00000000880139c8       0x78 common/built-in.o
                0x00000000880139c8                stdio_add_devices
 .text.cli_simple_process_macros
                0x0000000088013a40      0x234 common/built-in.o
                0x0000000088013a40                cli_simple_process_macros
 .text.run_command
                0x0000000088013c74       0x18 common/built-in.o
                0x0000000088013c74                run_command
 .text.run_command_list
                0x0000000088013c8c       0x8c common/built-in.o
                0x0000000088013c8c                run_command_list
 .text.do_run   0x0000000088013d18       0x80 common/built-in.o
                0x0000000088013d18                do_run
 .text.cli_loop
                0x0000000088013d98       0x10 common/built-in.o
                0x0000000088013d98                cli_loop
 .text.cli_init
                0x0000000088013da8        0x4 common/built-in.o
                0x0000000088013da8                cli_init
 .text.delete_char.part.0
                0x0000000088013dac       0xfc common/built-in.o
 .text.cread_add_char
                0x0000000088013ea8      0x100 common/built-in.o
 .text.cli_readline_into_buffer
                0x0000000088013fa8      0x8b4 common/built-in.o
                0x0000000088013fa8                cli_readline_into_buffer
 .text.cli_readline
                0x000000008801485c       0x14 common/built-in.o
                0x000000008801485c                cli_readline
 .text.find_cmd_tbl
                0x0000000088014870       0xc4 common/built-in.o
                0x0000000088014870                find_cmd_tbl
 .text.find_cmd
                0x0000000088014934       0x24 common/built-in.o
                0x0000000088014934                find_cmd
 .text.cmd_usage
                0x0000000088014958       0x68 common/built-in.o
                0x0000000088014958                cmd_usage
 .text._do_help
                0x00000000880149c0      0x1a0 common/built-in.o
                0x00000000880149c0                _do_help
 .text.cmd_get_data_size
                0x0000000088014b60       0x6c common/built-in.o
                0x0000000088014b60                cmd_get_data_size
 .text.cmd_process
                0x0000000088014bcc      0x118 common/built-in.o
                0x0000000088014bcc                cmd_process
 .text.cmd_process_error
                0x0000000088014ce4       0x34 common/built-in.o
                0x0000000088014ce4                cmd_process_error
 .text.CYGACC_COMM_IF_GETC_TIMEOUT.isra.0
                0x0000000088014d18       0x5c common/built-in.o
 .text.xyzModem_flush
                0x0000000088014d74       0x1c common/built-in.o
 .text.xyzModem_get_hdr
                0x0000000088014d90      0x220 common/built-in.o
 .text.xyzModem_stream_open
                0x0000000088014fb0      0x264 common/built-in.o
                0x0000000088014fb0                xyzModem_stream_open
 .text.xyzModem_stream_read
                0x0000000088015214      0x29c common/built-in.o
                0x0000000088015214                xyzModem_stream_read
 .text.xyzModem_stream_close
                0x00000000880154b0       0x44 common/built-in.o
                0x00000000880154b0                xyzModem_stream_close
 .text.xyzModem_stream_terminate
                0x00000000880154f4       0xac common/built-in.o
                0x00000000880154f4                xyzModem_stream_terminate
 .text.xyzModem_error
                0x00000000880155a0       0x28 common/built-in.o
                0x00000000880155a0                xyzModem_error
 .text.blk_get_dev
                0x00000000880155c8        0x8 disk/built-in.o
                0x00000000880155c8                blk_get_dev
 .text.blk_get_device_by_str
                0x00000000880155d0      0x104 disk/built-in.o
                0x00000000880155d0                blk_get_device_by_str
 .text.blk_get_device_part_str
                0x00000000880156d4      0x294 disk/built-in.o
                0x00000000880156d4                blk_get_device_part_str
 .text.device_bind_common
                0x0000000088015968      0x2e4 drivers/built-in.o
 .text.alloc_priv
                0x0000000088015c4c       0x60 drivers/built-in.o
 .text.device_bind
                0x0000000088015cac       0x10 drivers/built-in.o
                0x0000000088015cac                device_bind
 .text.device_bind_by_name
                0x0000000088015cbc       0x78 drivers/built-in.o
                0x0000000088015cbc                device_bind_by_name
 .text.device_probe
                0x0000000088015d34      0x1fc drivers/built-in.o
                0x0000000088015d34                device_probe
 .text.dev_get_platdata
                0x0000000088015f30       0x34 drivers/built-in.o
                0x0000000088015f30                dev_get_platdata
 .text.dev_get_priv
                0x0000000088015f64       0x34 drivers/built-in.o
                0x0000000088015f64                dev_get_priv
 .text.dev_get_uclass_priv
                0x0000000088015f98       0x34 drivers/built-in.o
                0x0000000088015f98                dev_get_uclass_priv
 .text.lists_driver_lookup_name
                0x0000000088015fcc       0x84 drivers/built-in.o
                0x0000000088015fcc                lists_driver_lookup_name
 .text.lists_uclass_lookup
                0x0000000088016050       0x48 drivers/built-in.o
                0x0000000088016050                lists_uclass_lookup
 .text.lists_bind_drivers
                0x0000000088016098       0xbc drivers/built-in.o
                0x0000000088016098                lists_bind_drivers
 .text.dm_root  0x0000000088016154       0x38 drivers/built-in.o
                0x0000000088016154                dm_root
 .text.dm_init  0x000000008801618c       0x60 drivers/built-in.o
                0x000000008801618c                dm_init
 .text.dm_scan_platdata
                0x00000000880161ec       0x34 drivers/built-in.o
                0x00000000880161ec                dm_scan_platdata
 .text.dm_scan_other
                0x0000000088016220        0x8 drivers/built-in.o
                0x0000000088016220                dm_scan_other
 .text.dm_init_and_scan
                0x0000000088016228       0x40 drivers/built-in.o
                0x0000000088016228                dm_init_and_scan
 .text.uclass_find
                0x0000000088016268       0x48 drivers/built-in.o
                0x0000000088016268                uclass_find
 .text.uclass_get
                0x00000000880162b0      0x128 drivers/built-in.o
                0x00000000880162b0                uclass_get
 .text.uclass_find_device
                0x00000000880163d8       0x84 drivers/built-in.o
                0x00000000880163d8                uclass_find_device
 .text.uclass_find_first_device
                0x000000008801645c       0x48 drivers/built-in.o
                0x000000008801645c                uclass_find_first_device
 .text.uclass_find_device_by_seq
                0x00000000880164a4       0x90 drivers/built-in.o
                0x00000000880164a4                uclass_find_device_by_seq
 .text.uclass_get_device_tail
                0x0000000088016534       0x3c drivers/built-in.o
                0x0000000088016534                uclass_get_device_tail
 .text.uclass_get_device
                0x0000000088016570       0x38 drivers/built-in.o
                0x0000000088016570                uclass_get_device
 .text.uclass_get_device_by_seq
                0x00000000880165a8       0x68 drivers/built-in.o
                0x00000000880165a8                uclass_get_device_by_seq
 .text.uclass_first_device
                0x0000000088016610       0x3c drivers/built-in.o
                0x0000000088016610                uclass_first_device
 .text.uclass_bind_device
                0x000000008801664c       0x88 drivers/built-in.o
                0x000000008801664c                uclass_bind_device
 .text.uclass_unbind_device
                0x00000000880166d4       0x54 drivers/built-in.o
                0x00000000880166d4                uclass_unbind_device
 .text.uclass_resolve_seq
                0x0000000088016728       0xb0 drivers/built-in.o
                0x0000000088016728                uclass_resolve_seq
 .text.uclass_pre_probe_device
                0x00000000880167d8       0x68 drivers/built-in.o
                0x00000000880167d8                uclass_pre_probe_device
 .text.uclass_post_probe_device
                0x0000000088016840       0x1c drivers/built-in.o
                0x0000000088016840                uclass_post_probe_device
 .text.uclass_pre_remove_device
                0x000000008801685c       0x1c drivers/built-in.o
                0x000000008801685c                uclass_pre_remove_device
 .text.dm_warn  0x0000000088016878       0x88 drivers/built-in.o
                0x0000000088016878                dm_warn
 .text.device_free
                0x0000000088016900       0x80 drivers/built-in.o
                0x0000000088016900                device_free
 .text.device_remove
                0x0000000088016980      0x148 drivers/built-in.o
                0x0000000088016980                device_remove
 .text.show_devices
                0x0000000088016ac8      0x12c drivers/built-in.o
 .text.dm_dump_all
                0x0000000088016bf4       0x54 drivers/built-in.o
                0x0000000088016bf4                dm_dump_all
 .text.dm_dump_uclass
                0x0000000088016c48      0x128 drivers/built-in.o
                0x0000000088016c48                dm_dump_uclass
 .text.get_desc
                0x0000000088016d70       0x58 drivers/built-in.o
 .text.blk_driver_lookup_type
                0x0000000088016dc8       0x58 drivers/built-in.o
                0x0000000088016dc8                blk_driver_lookup_type
 .text.blk_get_devnum_by_type
                0x0000000088016e20       0x38 drivers/built-in.o
                0x0000000088016e20                blk_get_devnum_by_type
 .text.flash_make_cmd
                0x0000000088016e58       0x4c drivers/mtd/built-in.o
 .text.flash_isequal
                0x0000000088016ea4       0xb4 drivers/mtd/built-in.o
 .text.flash_isset
                0x0000000088016f58       0xb0 drivers/mtd/built-in.o
 .text.find_sector
                0x0000000088017008       0x80 drivers/mtd/built-in.o
 .text.cfi_reverse_geometry
                0x0000000088017088       0xb0 drivers/mtd/built-in.o
 .text.flash_add_byte.isra.5
                0x0000000088017138       0x64 drivers/mtd/built-in.o
 .text.cfi_flash_bank_addr
                0x000000008801719c        0x8 drivers/mtd/built-in.o
                0x000000008801719c                cfi_flash_bank_addr
 .text.cfi_flash_bank_size
                0x00000000880171a4        0x8 drivers/mtd/built-in.o
                0x00000000880171a4                cfi_flash_bank_size
 .text.flash_get_info
                0x00000000880171ac       0x38 drivers/mtd/built-in.o
                0x00000000880171ac                flash_get_info
 .text.flash_sector_size
                0x00000000880171e4       0x38 drivers/mtd/built-in.o
                0x00000000880171e4                flash_sector_size
 .text.flash_write_cmd
                0x000000008801721c       0x94 drivers/mtd/built-in.o
                0x000000008801721c                flash_write_cmd
 .text.flash_unlock_seq
                0x00000000880172b0       0x3c drivers/mtd/built-in.o
 .text.flash_status_check
                0x00000000880172ec      0x1dc drivers/mtd/built-in.o
 .text.flash_full_status_check
                0x00000000880174c8      0x170 drivers/mtd/built-in.o
 .text.flash_write_cfiword
                0x0000000088017638      0x1dc drivers/mtd/built-in.o
 .text.flash_erase
                0x0000000088017814      0x1d4 drivers/mtd/built-in.o
                0x0000000088017814                flash_erase
 .text.flash_print_info
                0x00000000880179e8      0x2cc drivers/mtd/built-in.o
                0x00000000880179e8                flash_print_info
 .text.write_buff
                0x0000000088017cb4      0x600 drivers/mtd/built-in.o
                0x0000000088017cb4                write_buff
 .text.flash_real_protect
                0x00000000880182b4      0x360 drivers/mtd/built-in.o
                0x00000000880182b4                flash_real_protect
 .text.__flash_cmd_reset
                0x0000000088018614       0x44 drivers/mtd/built-in.o
                0x0000000088018614                flash_cmd_reset
 .text.flash_get_size
                0x0000000088018658      0xa68 drivers/mtd/built-in.o
                0x0000000088018658                flash_get_size
 .text.flash_protect_default
                0x00000000880190c0       0x28 drivers/mtd/built-in.o
                0x00000000880190c0                flash_protect_default
 .text.flash_init
                0x00000000880190e8      0x10c drivers/mtd/built-in.o
                0x00000000880190e8                flash_init
 .text.smc_halt
                0x00000000880191f4       0x38 drivers/net/built-in.o
 .text.smc_write_hwaddr
                0x000000008801922c       0x70 drivers/net/built-in.o
 .text.smc_rcv  0x000000008801929c      0x120 drivers/net/built-in.o
 .text.smc_read_phy_register.isra.2
                0x00000000880193bc      0x180 drivers/net/built-in.o
 .text.smc_write_phy_register.isra.3
                0x000000008801953c      0x180 drivers/net/built-in.o
 .text.smc_init
                0x00000000880196bc      0x29c drivers/net/built-in.o
 .text.smc_send
                0x0000000088019958      0x23c drivers/net/built-in.o
 .text.smc91111_initialize
                0x0000000088019b94      0x11c drivers/net/built-in.o
                0x0000000088019b94                smc91111_initialize
 .text._serial_putc
                0x0000000088019cb0       0x58 drivers/serial/built-in.o
 .text._serial_getc
                0x0000000088019d08       0x40 drivers/serial/built-in.o
 .text._serial_tstc
                0x0000000088019d48       0x20 drivers/serial/built-in.o
 .text.serial_stub_putc
                0x0000000088019d68        0x8 drivers/serial/built-in.o
 .text.serial_stub_getc
                0x0000000088019d70        0x8 drivers/serial/built-in.o
                0x0000000088019d70                serial_stub_getc
 .text.serial_stub_tstc
                0x0000000088019d78        0x8 drivers/serial/built-in.o
                0x0000000088019d78                serial_stub_tstc
 .text.serial_pre_remove
                0x0000000088019d80        0x8 drivers/serial/built-in.o
 .text.serial_post_probe
                0x0000000088019d88       0xcc drivers/serial/built-in.o
 .text.serial_stub_puts
                0x0000000088019e54       0x38 drivers/serial/built-in.o
                0x0000000088019e54                serial_stub_puts
 .text.serial_init
                0x0000000088019e8c       0x7c drivers/serial/built-in.o
                0x0000000088019e8c                serial_init
 .text.serial_initialize
                0x0000000088019f08        0x4 drivers/serial/built-in.o
                0x0000000088019f08                serial_initialize
 .text.serial_putc
                0x0000000088019f0c       0x18 drivers/serial/built-in.o
                0x0000000088019f0c                serial_putc
 .text.serial_puts
                0x0000000088019f24       0x40 drivers/serial/built-in.o
                0x0000000088019f24                serial_puts
 .text.serial_getc
                0x0000000088019f64       0x18 drivers/serial/built-in.o
                0x0000000088019f64                serial_getc
 .text.serial_tstc
                0x0000000088019f7c       0x18 drivers/serial/built-in.o
                0x0000000088019f7c                serial_tstc
 .text.serial_setbrg
                0x0000000088019f94       0x2c drivers/serial/built-in.o
                0x0000000088019f94                serial_setbrg
 .text.on_baudrate
                0x0000000088019fc0      0x114 drivers/serial/built-in.o
 .text.serial_stdio_init
                0x000000008801a0d4        0x4 drivers/serial/built-in.o
                0x000000008801a0d4                serial_stdio_init
 .text.pl01x_serial_pending
                0x000000008801a0d8       0x48 drivers/serial/built-in.o
 .text.pl01x_serial_putc
                0x000000008801a120       0x38 drivers/serial/built-in.o
 .text.pl01x_serial_getc
                0x000000008801a158       0x38 drivers/serial/built-in.o
 .text.pl01x_serial_setbrg
                0x000000008801a190       0xfc drivers/serial/built-in.o
 .text.pl01x_serial_probe
                0x000000008801a28c       0x68 drivers/serial/built-in.o
 .text.fs_probe_unsupported
                0x000000008801a2f4       0x20 fs/built-in.o
 .text.fs_ls_unsupported
                0x000000008801a314        0x8 fs/built-in.o
 .text.fs_exists_unsupported
                0x000000008801a31c        0x8 fs/built-in.o
 .text.fs_size_unsupported
                0x000000008801a324        0x8 fs/built-in.o
 .text.fs_read_unsupported
                0x000000008801a32c        0x8 fs/built-in.o
 .text.fs_write_unsupported
                0x000000008801a334        0x8 fs/built-in.o
 .text.fs_close_unsupported
                0x000000008801a33c        0x4 fs/built-in.o
 .text.fs_uuid_unsupported
                0x000000008801a340        0x8 fs/built-in.o
 .text.fs_get_info
                0x000000008801a348       0x1c fs/built-in.o
 .text.fs_close
                0x000000008801a364       0x30 fs/built-in.o
 .text.fs_set_blk_dev
                0x000000008801a394       0xb8 fs/built-in.o
                0x000000008801a394                fs_set_blk_dev
 .text.fs_ls    0x000000008801a44c       0x44 fs/built-in.o
                0x000000008801a44c                fs_ls
 .text.fs_exists
                0x000000008801a490       0x40 fs/built-in.o
                0x000000008801a490                fs_exists
 .text.fs_size  0x000000008801a4d0       0x48 fs/built-in.o
                0x000000008801a4d0                fs_size
 .text.fs_read  0x000000008801a518       0x8c fs/built-in.o
                0x000000008801a518                fs_read
 .text.do_size  0x000000008801a5a4       0x6c fs/built-in.o
                0x000000008801a5a4                do_size
 .text.do_load  0x000000008801a610      0x208 fs/built-in.o
                0x000000008801a610                do_load
 .text.do_ls    0x000000008801a818       0x80 fs/built-in.o
                0x000000008801a818                do_ls
 .text.file_exists
                0x000000008801a898       0x3c fs/built-in.o
                0x000000008801a898                file_exists
 .text.downcase
                0x000000008801a8d4       0x30 fs/built-in.o
 .text.disk_read
                0x000000008801a904       0x58 fs/built-in.o
 .text.dirdelim
                0x000000008801a95c       0x34 fs/built-in.o
 .text.get_fatent
                0x000000008801a990      0x17c fs/built-in.o
 .text.mkcksum  0x000000008801ab0c       0x54 fs/built-in.o
 .text.get_cluster
                0x000000008801ab60      0x190 fs/built-in.o
 .text.get_name
                0x000000008801acf0       0xcc fs/built-in.o
 .text.read_bootsectandvi
                0x000000008801adbc      0x128 fs/built-in.o
 .text.slot2str
                0x000000008801aee4       0xac fs/built-in.o
 .text.get_vfatname
                0x000000008801af90      0x1e0 fs/built-in.o
 .text.fat_set_blk_dev
                0x000000008801b170       0xd0 fs/built-in.o
                0x000000008801b170                fat_set_blk_dev
 .text.do_fat_read_at
                0x000000008801b240      0xb6c fs/built-in.o
                0x000000008801b240                do_fat_read_at
 .text.do_fat_read
                0x000000008801bdac       0x1c fs/built-in.o
                0x000000008801bdac                do_fat_read
 .text.file_fat_detectfs
                0x000000008801bdc8       0x8c fs/built-in.o
                0x000000008801bdc8                file_fat_detectfs
 .text.file_fat_ls
                0x000000008801be54       0x24 fs/built-in.o
                0x000000008801be54                file_fat_ls
 .text.fat_exists
                0x000000008801be78       0x34 fs/built-in.o
                0x000000008801be78                fat_exists
 .text.fat_size
                0x000000008801beac       0x1c fs/built-in.o
                0x000000008801beac                fat_size
 .text.file_fat_read_at
                0x000000008801bec8       0x5c fs/built-in.o
                0x000000008801bec8                file_fat_read_at
 .text.fat_read_file
                0x000000008801bf24       0x48 fs/built-in.o
                0x000000008801bf24                fat_read_file
 .text.fat_close
                0x000000008801bf6c        0x4 fs/built-in.o
                0x000000008801bf6c                fat_close
 .text.efi_return_handle
                0x000000008801bf70        0xc lib/built-in.o
                0x000000008801bf70                efi_return_handle
 .text.efi_load_pe
                0x000000008801bf7c      0x2c0 lib/built-in.o
                0x000000008801bf7c                efi_load_pe
 .text.efi_search.isra.1.part.2
                0x000000008801c23c       0x5c lib/built-in.o
 .text.efi_save_gd
                0x000000008801c298        0xc lib/built-in.o
                0x000000008801c298                efi_save_gd
 .text.efi_restore_gd
                0x000000008801c2a4       0x24 lib/built-in.o
                0x000000008801c2a4                efi_restore_gd
 .text.efi_set_mem
                0x000000008801c2c8       0x38 lib/built-in.o
 .text.efi_copy_mem
                0x000000008801c300       0x2c lib/built-in.o
 .text.efi_allocate_pages_ext
                0x000000008801c32c       0x40 lib/built-in.o
                0x000000008801c32c                efi_allocate_pages_ext
 .text.efi_free_pages_ext
                0x000000008801c36c       0x30 lib/built-in.o
                0x000000008801c36c                efi_free_pages_ext
 .text.efi_get_memory_map_ext
                0x000000008801c39c       0x48 lib/built-in.o
                0x000000008801c39c                efi_get_memory_map_ext
 .text.efi_calculate_crc32
                0x000000008801c3e4       0x50 lib/built-in.o
 .text.efi_uninstall_multiple_protocol_interfaces
                0x000000008801c434       0x60 lib/built-in.o
 .text.efi_install_multiple_protocol_interfaces
                0x000000008801c494       0x60 lib/built-in.o
 .text.efi_locate_protocol
                0x000000008801c4f4       0x64 lib/built-in.o
 .text.efi_locate_handle_buffer
                0x000000008801c558       0x24 lib/built-in.o
 .text.efi_protocols_per_handle
                0x000000008801c57c       0x24 lib/built-in.o
 .text.efi_open_protocol_information
                0x000000008801c5a0       0x24 lib/built-in.o
 .text.efi_close_protocol
                0x000000008801c5c4       0x24 lib/built-in.o
 .text.efi_open_protocol
                0x000000008801c5e8       0xf0 lib/built-in.o
 .text.efi_handle_protocol
                0x000000008801c6d8       0x10 lib/built-in.o
 .text.efi_disconnect_controller
                0x000000008801c6e8       0x24 lib/built-in.o
 .text.efi_connect_controller
                0x000000008801c70c       0x24 lib/built-in.o
 .text.efi_set_watchdog_timer
                0x000000008801c730       0x20 lib/built-in.o
 .text.efi_stall
                0x000000008801c750       0x2c lib/built-in.o
 .text.efi_get_next_monotonic_count
                0x000000008801c77c       0x3c lib/built-in.o
 .text.efi_exit_boot_services
                0x000000008801c7b8       0x24 lib/built-in.o
 .text.efi_unload_image
                0x000000008801c7dc       0x70 lib/built-in.o
 .text.efi_exit
                0x000000008801c84c       0x20 lib/built-in.o
 .text.efi_start_image
                0x000000008801c86c       0x40 lib/built-in.o
 .text.efi_load_image
                0x000000008801c8ac       0xd8 lib/built-in.o
 .text.efi_install_configuration_table
                0x000000008801c984       0xd0 lib/built-in.o
 .text.efi_locate_device_path
                0x000000008801ca54       0x24 lib/built-in.o
 .text.efi_locate_handle
                0x000000008801ca78       0xf8 lib/built-in.o
 .text.efi_register_protocol_notify
                0x000000008801cb70       0x24 lib/built-in.o
 .text.efi_uninstall_protocol_interface
                0x000000008801cb94       0x24 lib/built-in.o
 .text.efi_reinstall_protocol_interface
                0x000000008801cbb8       0x20 lib/built-in.o
 .text.efi_install_protocol_interface
                0x000000008801cbd8       0x24 lib/built-in.o
 .text.efi_check_event
                0x000000008801cbfc       0x24 lib/built-in.o
 .text.efi_close_event
                0x000000008801cc20       0x2c lib/built-in.o
 .text.efi_signal_event
                0x000000008801cc4c       0x20 lib/built-in.o
 .text.efi_set_timer
                0x000000008801cc6c       0xc0 lib/built-in.o
 .text.efi_create_event
                0x000000008801cd2c       0x7c lib/built-in.o
 .text.efi_free_pool
                0x000000008801cda8       0x2c lib/built-in.o
 .text.efi_allocate_pool
                0x000000008801cdd4       0x50 lib/built-in.o
 .text.efi_restore_tpl
                0x000000008801ce24       0x1c lib/built-in.o
 .text.efi_raise_tpl
                0x000000008801ce40       0x20 lib/built-in.o
 .text.efi_exit_func
                0x000000008801ce60        0xc lib/built-in.o
                0x000000008801ce60                efi_exit_func
 .text.efi_timer_check
                0x000000008801ce6c       0x5c lib/built-in.o
                0x000000008801ce6c                efi_timer_check
 .text.efi_wait_for_event
                0x000000008801cec8       0x38 lib/built-in.o
 .text.efi_get_time
                0x000000008801cf00        0x8 lib/built-in.o
 .text.efi_reset_system
                0x000000008801cf08       0x3c lib/built-in.o
 .text.efi_runtime_relocate
                0x000000008801cf44      0x10c lib/built-in.o
                0x000000008801cf44                efi_runtime_relocate
 .text.efi_set_virtual_address_map
                0x000000008801d050       0xc8 lib/built-in.o
 .text.efi_cin_lock_std_in
                0x000000008801d118       0x18 lib/built-in.o
 .text.efi_cin_set_mode
                0x000000008801d130       0x18 lib/built-in.o
 .text.efi_cin_get_mode
                0x000000008801d148       0x48 lib/built-in.o
 .text.efi_cout_set_attribute
                0x000000008801d190       0x18 lib/built-in.o
 .text.efi_cout_test_string
                0x000000008801d1a8       0x18 lib/built-in.o
 .text.efi_cout_reset
                0x000000008801d1c0       0x18 lib/built-in.o
 .text.efi_cin_reset
                0x000000008801d1d8       0x18 lib/built-in.o
 .text.efi_cout_enable_cursor
                0x000000008801d1f0       0x40 lib/built-in.o
 .text.efi_cout_set_cursor_position
                0x000000008801d230       0x4c lib/built-in.o
 .text.efi_cout_clear_screen
                0x000000008801d27c       0x24 lib/built-in.o
 .text.efi_cout_output_string
                0x000000008801d2a0      0x114 lib/built-in.o
 .text.efi_cout_set_mode
                0x000000008801d3b4       0x28 lib/built-in.o
 .text.efi_cin_read_key_stroke
                0x000000008801d3dc      0x150 lib/built-in.o
 .text.efi_cout_query_mode
                0x000000008801d52c      0x154 lib/built-in.o
 .text.efi_mem_cmp
                0x000000008801d680       0x20 lib/built-in.o
 .text.efi_find_free_memory
                0x000000008801d6a0       0x74 lib/built-in.o
 .text.efi_add_memory_map
                0x000000008801d714      0x1c8 lib/built-in.o
                0x000000008801d714                efi_add_memory_map
 .text.efi_allocate_pages
                0x000000008801d8dc       0xa8 lib/built-in.o
                0x000000008801d8dc                efi_allocate_pages
 .text.efi_alloc
                0x000000008801d984       0x34 lib/built-in.o
                0x000000008801d984                efi_alloc
 .text.efi_free_pages
                0x000000008801d9b8        0x8 lib/built-in.o
                0x000000008801d9b8                efi_free_pages
 .text.efi_get_memory_map
                0x000000008801d9c0       0xa8 lib/built-in.o
                0x000000008801d9c0                efi_get_memory_map
 .text.efi_memory_init
                0x000000008801da68       0x98 lib/built-in.o
                0x000000008801da68                efi_memory_init
 .text.efi_disk_open_block
                0x000000008801db00       0x10 lib/built-in.o
 .text.efi_disk_open_dp
                0x000000008801db10       0x10 lib/built-in.o
 .text.efi_disk_flush_blocks
                0x000000008801db20       0x18 lib/built-in.o
 .text.efi_disk_reset
                0x000000008801db38       0x18 lib/built-in.o
 .text.efi_disk_rw_blocks.isra.4
                0x000000008801db50       0xb0 lib/built-in.o
 .text.efi_disk_write_blocks
                0x000000008801dc00       0x3c lib/built-in.o
 .text.efi_disk_read_blocks
                0x000000008801dc3c       0x3c lib/built-in.o
 .text.efi_disk_register
                0x000000008801dc78      0x204 lib/built-in.o
                0x000000008801dc78                efi_disk_register
 .text.efi_net_push
                0x000000008801de7c       0x10 lib/built-in.o
 .text.efi_net_open_dp
                0x000000008801de8c       0x10 lib/built-in.o
 .text.efi_net_open_pxe
                0x000000008801de9c       0x10 lib/built-in.o
 .text.efi_net_get_status
                0x000000008801deac       0x44 lib/built-in.o
 .text.efi_net_nvdata
                0x000000008801def0       0x1c lib/built-in.o
 .text.efi_net_mcastiptomac
                0x000000008801df0c       0x1c lib/built-in.o
 .text.efi_net_statistics
                0x000000008801df28       0x1c lib/built-in.o
 .text.efi_net_station_address
                0x000000008801df44       0x1c lib/built-in.o
 .text.efi_net_receive_filters
                0x000000008801df60       0x18 lib/built-in.o
 .text.efi_net_shutdown
                0x000000008801df78       0x18 lib/built-in.o
 .text.efi_net_reset
                0x000000008801df90       0x18 lib/built-in.o
 .text.efi_net_stop
                0x000000008801dfa8       0x18 lib/built-in.o
 .text.efi_net_start
                0x000000008801dfc0       0x18 lib/built-in.o
 .text.efi_net_initialize
                0x000000008801dfd8       0x1c lib/built-in.o
 .text.efi_net_receive
                0x000000008801dff4       0xa0 lib/built-in.o
 .text.efi_net_transmit
                0x000000008801e094       0x58 lib/built-in.o
 .text.efi_net_set_dhcp_ack
                0x000000008801e0ec       0x54 lib/built-in.o
                0x000000008801e0ec                efi_net_set_dhcp_ack
 .text.efi_net_register
                0x000000008801e140      0x234 lib/built-in.o
                0x000000008801e140                efi_net_register
 .text.zcalloc  0x000000008801e374        0x8 lib/built-in.o
                0x000000008801e374                zcalloc
 .text.zcfree   0x000000008801e37c        0x8 lib/built-in.o
                0x000000008801e37c                zcfree
 .text.inflate_fast
                0x000000008801e384      0x550 lib/built-in.o
                0x000000008801e384                inflate_fast
 .text.inflate_table
                0x000000008801e8d4      0x470 lib/built-in.o
                0x000000008801e8d4                inflate_table
 .text.inflateReset
                0x000000008801ed44       0x70 lib/built-in.o
                0x000000008801ed44                inflateReset
 .text.inflateInit2_
                0x000000008801edb4      0x104 lib/built-in.o
                0x000000008801edb4                inflateInit2_
 .text.inflateEnd
                0x000000008801eeb8       0x64 lib/built-in.o
                0x000000008801eeb8                inflateEnd
 .text.adler32  0x000000008801ef1c      0x2dc lib/built-in.o
                0x000000008801ef1c                adler32
 .text.inflate  0x000000008801f1f8     0x1424 lib/built-in.o
                0x000000008801f1f8                inflate
 .text.crc16_ccitt
                0x000000008802061c       0x38 lib/built-in.o
                0x000000008802061c                crc16_ccitt
 .text.gzalloc  0x0000000088020654       0x10 lib/built-in.o
                0x0000000088020654                gzalloc
 .text.gzfree   0x0000000088020664        0x8 lib/built-in.o
                0x0000000088020664                gzfree
 .text.gzwrite_progress_init
                0x000000008802066c        0x8 lib/built-in.o
                0x000000008802066c                gzwrite_progress_init
 .text.gzwrite_progress
                0x0000000088020674       0x18 lib/built-in.o
                0x0000000088020674                gzwrite_progress
 .text.gzwrite_progress_finish
                0x000000008802068c       0x28 lib/built-in.o
                0x000000008802068c                gzwrite_progress_finish
 .text.gzwrite  0x00000000880206b4      0x3e4 lib/built-in.o
                0x00000000880206b4                gzwrite
 .text.zunzip   0x0000000088020a98      0x11c lib/built-in.o
                0x0000000088020a98                zunzip
 .text.gunzip   0x0000000088020bb4       0xa4 lib/built-in.o
                0x0000000088020bb4                gunzip
 .text.initcall_run_list
                0x0000000088020c58       0x7c lib/built-in.o
                0x0000000088020c58                initcall_run_list
 .text.lmb_add_region
                0x0000000088020cd4      0x1a8 lib/built-in.o
 .text.lmb_init
                0x0000000088020e7c       0x28 lib/built-in.o
                0x0000000088020e7c                lmb_init
 .text.lmb_add  0x0000000088020ea4        0x4 lib/built-in.o
                0x0000000088020ea4                lmb_add
 .text.lmb_free
                0x0000000088020ea8       0xf4 lib/built-in.o
                0x0000000088020ea8                lmb_free
 .text.lmb_reserve
                0x0000000088020f9c        0x8 lib/built-in.o
                0x0000000088020f9c                lmb_reserve
 .text.__lmb_alloc_base
                0x0000000088020fa4      0x11c lib/built-in.o
                0x0000000088020fa4                __lmb_alloc_base
 .text.lmb_alloc_base
                0x00000000880210c0       0x4c lib/built-in.o
                0x00000000880210c0                lmb_alloc_base
 .text.lmb_alloc
                0x000000008802110c        0x8 lib/built-in.o
                0x000000008802110c                lmb_alloc
 .text.board_lmb_reserve
                0x0000000088021114        0x4 lib/built-in.o
                0x0000000088021114                board_lmb_reserve
 .text.string_to_ip
                0x0000000088021118       0x74 lib/built-in.o
                0x0000000088021118                string_to_ip
 .text.qsort    0x000000008802118c       0xf0 lib/built-in.o
                0x000000008802118c                qsort
 .text.merge    0x000000008802127c       0x84 lib/built-in.o
 .text.list_sort
                0x0000000088021300      0x1ac lib/built-in.o
                0x0000000088021300                list_sort
 .text.fdt_check_header
                0x00000000880214ac       0x70 lib/built-in.o
                0x00000000880214ac                fdt_check_header
 .text.fdt_offset_ptr
                0x000000008802151c       0x4c lib/built-in.o
                0x000000008802151c                fdt_offset_ptr
 .text.fdt_next_tag
                0x0000000088021568       0xf8 lib/built-in.o
                0x0000000088021568                fdt_next_tag
 .text._fdt_check_node_offset
                0x0000000088021660       0x3c lib/built-in.o
                0x0000000088021660                _fdt_check_node_offset
 .text._fdt_check_prop_offset
                0x000000008802169c       0x3c lib/built-in.o
                0x000000008802169c                _fdt_check_prop_offset
 .text.fdt_next_node
                0x00000000880216d8       0xbc lib/built-in.o
                0x00000000880216d8                fdt_next_node
 .text._fdt_find_string
                0x0000000088021794       0x74 lib/built-in.o
                0x0000000088021794                _fdt_find_string
 .text.fdt_move
                0x0000000088021808       0x68 lib/built-in.o
                0x0000000088021808                fdt_move
 .text.fdt_path_next_seperator
                0x0000000088021870       0x64 lib/built-in.o
 .text._nextprop
                0x00000000880218d4       0x68 lib/built-in.o
 .text.fdt_string
                0x000000008802193c       0x14 lib/built-in.o
                0x000000008802193c                fdt_string
 .text.fdt_get_mem_rsv
                0x0000000088021950       0x60 lib/built-in.o
                0x0000000088021950                fdt_get_mem_rsv
 .text.fdt_num_mem_rsv
                0x00000000880219b0       0x2c lib/built-in.o
                0x00000000880219b0                fdt_num_mem_rsv
 .text.fdt_subnode_offset_namelen
                0x00000000880219dc       0xe0 lib/built-in.o
                0x00000000880219dc                fdt_subnode_offset_namelen
 .text.fdt_subnode_offset
                0x0000000088021abc       0x3c lib/built-in.o
                0x0000000088021abc                fdt_subnode_offset
 .text.fdt_get_name
                0x0000000088021af8       0x80 lib/built-in.o
                0x0000000088021af8                fdt_get_name
 .text.fdt_first_property_offset
                0x0000000088021b78       0x38 lib/built-in.o
                0x0000000088021b78                fdt_first_property_offset
 .text.fdt_next_property_offset
                0x0000000088021bb0       0x38 lib/built-in.o
                0x0000000088021bb0                fdt_next_property_offset
 .text.fdt_get_property_by_offset
                0x0000000088021be8       0x6c lib/built-in.o
                0x0000000088021be8                fdt_get_property_by_offset
 .text.fdt_get_property_namelen
                0x0000000088021c54       0xd0 lib/built-in.o
                0x0000000088021c54                fdt_get_property_namelen
 .text.fdt_get_property
                0x0000000088021d24       0x48 lib/built-in.o
                0x0000000088021d24                fdt_get_property
 .text.fdt_getprop_namelen
                0x0000000088021d6c       0x20 lib/built-in.o
                0x0000000088021d6c                fdt_getprop_namelen
 .text.fdt_getprop_by_offset
                0x0000000088021d8c       0x58 lib/built-in.o
                0x0000000088021d8c                fdt_getprop_by_offset
 .text.fdt_getprop
                0x0000000088021de4       0x48 lib/built-in.o
                0x0000000088021de4                fdt_getprop
 .text.fdt_get_alias_namelen
                0x0000000088021e2c       0x5c lib/built-in.o
                0x0000000088021e2c                fdt_get_alias_namelen
 .text.fdt_path_offset
                0x0000000088021e88      0x100 lib/built-in.o
                0x0000000088021e88                fdt_path_offset
 .text.fdt_supernode_atdepth_offset
                0x0000000088021f88       0xb8 lib/built-in.o
                0x0000000088021f88                fdt_supernode_atdepth_offset
 .text.fdt_node_depth
                0x0000000088022040       0x34 lib/built-in.o
                0x0000000088022040                fdt_node_depth
 .text._fdt_blocks_misordered
                0x0000000088022074       0x60 lib/built-in.o
 .text._fdt_splice
                0x00000000880220d4       0x84 lib/built-in.o
 .text._fdt_splice_mem_rsv
                0x0000000088022158       0x6c lib/built-in.o
 .text._fdt_splice_struct
                0x00000000880221c4       0x60 lib/built-in.o
 .text._fdt_packblocks
                0x0000000088022224       0xcc lib/built-in.o
 .text._fdt_find_add_string
                0x00000000880222f0       0xc0 lib/built-in.o
 .text._fdt_add_property
                0x00000000880223b0       0xa8 lib/built-in.o
 .text._fdt_rw_check_header
                0x0000000088022458       0x68 lib/built-in.o
 .text.fdt_add_mem_rsv
                0x00000000880224c0       0x7c lib/built-in.o
                0x00000000880224c0                fdt_add_mem_rsv
 .text.fdt_del_mem_rsv
                0x000000008802253c       0x70 lib/built-in.o
                0x000000008802253c                fdt_del_mem_rsv
 .text.fdt_setprop
                0x00000000880225ac       0xd8 lib/built-in.o
                0x00000000880225ac                fdt_setprop
 .text.fdt_delprop
                0x0000000088022684       0x6c lib/built-in.o
                0x0000000088022684                fdt_delprop
 .text.fdt_add_subnode_namelen
                0x00000000880226f0      0x120 lib/built-in.o
                0x00000000880226f0                fdt_add_subnode_namelen
 .text.fdt_add_subnode
                0x0000000088022810       0x3c lib/built-in.o
                0x0000000088022810                fdt_add_subnode
 .text.fdt_del_node
                0x000000008802284c       0x60 lib/built-in.o
                0x000000008802284c                fdt_del_node
 .text.fdt_open_into
                0x00000000880228ac      0x1b4 lib/built-in.o
                0x00000000880228ac                fdt_open_into
 .text.fdt_strerror
                0x0000000088022a60       0x50 lib/built-in.o
                0x0000000088022a60                fdt_strerror
 .text._fdt_node_end_offset
                0x0000000088022ab0       0x48 lib/built-in.o
                0x0000000088022ab0                _fdt_node_end_offset
 .text.fdt_address_cells
                0x0000000088022af8       0x54 lib/built-in.o
                0x0000000088022af8                fdt_address_cells
 .text.fdt_size_cells
                0x0000000088022b4c       0x50 lib/built-in.o
                0x0000000088022b4c                fdt_size_cells
 .text.cmpkey   0x0000000088022b9c       0x14 lib/built-in.o
 .text._hdelete.isra.1
                0x0000000088022bb0       0x64 lib/built-in.o
 .text.drop_var_from_set.part.2
                0x0000000088022c14       0x68 lib/built-in.o
 .text.match_string
                0x0000000088022c7c       0xdc lib/built-in.o
 .text.match_entry
                0x0000000088022d58       0xdc lib/built-in.o
 .text.hcreate_r
                0x0000000088022e34       0xa0 lib/built-in.o
                0x0000000088022e34                hcreate_r
 .text.hdestroy_r
                0x0000000088022ed4       0x88 lib/built-in.o